======== Running on http://0.0.0.0:8081 ========
(Press CTRL+C to quit)
ERROR:apscheduler.executors.default:Job "get_upwork_projects (trigger: interval[0:15:00], next run at: 2026-04-25 00:15:23 MSK)" raised an exception
Traceback (most recent call last):
  File "C:\Users\9BCF~1\Documents\GitHub\freel_bot\.venv\Lib\site-packages\aiohttp\connector.py", line 1325, in _wrap_create_connection
    return await self._loop.create_connection(*args, **kwargs, sock=sock)
           ^^^^^^^^^^^^^^^^^^^^^^^^^^^^^^^^^^^^^^^^^^^^^^^^^^^^^^^^^^^^^^
  File "C:\Users\Исаев\AppData\Local\Programs\Python\Python313\Lib\asyncio\base_events.py", line 1182, in create_connection
    transport, protocol = await self._create_connection_transport(
                          ^^^^^^^^^^^^^^^^^^^^^^^^^^^^^^^^^^^^^^^^
    ...<2 lines>...
        ssl_shutdown_timeout=ssl_shutdown_timeout)
        ^^^^^^^^^^^^^^^^^^^^^^^^^^^^^^^^^^^^^^^^^^
  File "C:\Users\Исаев\AppData\Local\Programs\Python\Python313\Lib\asyncio\base_events.py", line 1215, in _create_connection_transport
    await waiter
  File "C:\Users\Исаев\AppData\Local\Programs\Python\Python313\Lib\asyncio\sslproto.py", line 578, in _on_handshake_complete
    raise handshake_exc
ConnectionResetError

The above exception was the direct cause of the following exception:

Traceback (most recent call last):
  File "C:\Users\9BCF~1\Documents\GitHub\freel_bot\.venv\Lib\site-packages\apscheduler\executors\base_py3.py", line 30, in run_coroutine_job
    retval = await job.func(*job.args, **job.kwargs)
             ^^^^^^^^^^^^^^^^^^^^^^^^^^^^^^^^^^^^^^^
  File "C:\Users\9BCF~1\Documents\GitHub\freel_bot\app\parser.py", line 145, in get_upwork_projects
    async with session.get(url, params=params) as response:
               ~~~~~~~~~~~^^^^^^^^^^^^^^^^^^^^
  File "C:\Users\9BCF~1\Documents\GitHub\freel_bot\.venv\Lib\site-packages\aiohttp\client.py", line 1521, in __aenter__
    self._resp: _RetType = await self._coro
                           ^^^^^^^^^^^^^^^^
  File "C:\Users\9BCF~1\Documents\GitHub\freel_bot\.venv\Lib\site-packages\aiohttp\client.py", line 788, in _request
    resp = await handler(req)
           ^^^^^^^^^^^^^^^^^^
  File "C:\Users\9BCF~1\Documents\GitHub\freel_bot\.venv\Lib\site-packages\aiohttp\client.py", line 742, in _connect_and_send_request
    conn = await self._connector.connect(
           ^^^^^^^^^^^^^^^^^^^^^^^^^^^^^^
        req, traces=traces, timeout=real_timeout
        ^^^^^^^^^^^^^^^^^^^^^^^^^^^^^^^^^^^^^^^^
    )
    ^
  File "C:\Users\9BCF~1\Documents\GitHub\freel_bot\.venv\Lib\site-packages\aiohttp\connector.py", line 672, in connect
    proto = await self._create_connection(req, traces, timeout)
            ^^^^^^^^^^^^^^^^^^^^^^^^^^^^^^^^^^^^^^^^^^^^^^^^^^^
  File "C:\Users\9BCF~1\Documents\GitHub\freel_bot\.venv\Lib\site-packages\aiohttp\connector.py", line 1251, in _create_connection
    _, proto = await self._create_direct_connection(req, traces, timeout)
               ^^^^^^^^^^^^^^^^^^^^^^^^^^^^^^^^^^^^^^^^^^^^^^^^^^^^^^^^^^
  File "C:\Users\9BCF~1\Documents\GitHub\freel_bot\.venv\Lib\site-packages\aiohttp\connector.py", line 1623, in _create_direct_connection
    raise last_exc
  File "C:\Users\9BCF~1\Documents\GitHub\freel_bot\.venv\Lib\site-packages\aiohttp\connector.py", line 1592, in _create_direct_connection
    transp, proto = await self._wrap_create_connection(
                    ^^^^^^^^^^^^^^^^^^^^^^^^^^^^^^^^^^^
    ...<7 lines>...
    )
    ^
  File "C:\Users\9BCF~1\Documents\GitHub\freel_bot\.venv\Lib\site-packages\aiohttp\connector.py", line 1333, in _wrap_create_connection
    raise client_error(req.connection_key, exc) from exc
aiohttp.client_exceptions.ClientConnectorError: Cannot connect to host www.upwork.com:443 ssl:default [None]
ERROR:aiogram.event:Cause exception while process update id=613208257 by bot id=8639829751
TelegramBadRequest: Telegram server says - Bad Request: query is too old and response timeout expired or query ID is invalid
Traceback (most recent call last):
  File "C:\Users\9BCF~1\Documents\GitHub\freel_bot\.venv\Lib\site-packages\aiogram\dispatcher\dispatcher.py", line 425, in _feed_webhook_update
    return await self.feed_update(bot, update, **kwargs)
           ^^^^^^^^^^^^^^^^^^^^^^^^^^^^^^^^^^^^^^^^^^^^^
  File "C:\Users\9BCF~1\Documents\GitHub\freel_bot\.venv\Lib\site-packages\aiogram\dispatcher\dispatcher.py", line 164, in feed_update
    response = await self.update.wrap_outer_middleware(
               ^^^^^^^^^^^^^^^^^^^^^^^^^^^^^^^^^^^^^^^^
    ...<7 lines>...
    )
    ^
  File "C:\Users\9BCF~1\Documents\GitHub\freel_bot\.venv\Lib\site-packages\aiogram\dispatcher\middlewares\error.py", line 27, in __call__
    return await handler(event, data)
           ^^^^^^^^^^^^^^^^^^^^^^^^^^
  File "C:\Users\9BCF~1\Documents\GitHub\freel_bot\.venv\Lib\site-packages\aiogram\dispatcher\middlewares\user_context.py", line 58, in __call__
    return await handler(event, data)
           ^^^^^^^^^^^^^^^^^^^^^^^^^^
  File "C:\Users\9BCF~1\Documents\GitHub\freel_bot\.venv\Lib\site-packages\aiogram\fsm\middleware.py", line 43, in __call__
    return await handler(event, data)
           ^^^^^^^^^^^^^^^^^^^^^^^^^^
  File "C:\Users\9BCF~1\Documents\GitHub\freel_bot\.venv\Lib\site-packages\aiogram\dispatcher\event\telegram.py", line 126, in trigger
    return await wrapped_inner(event, kwargs)
           ^^^^^^^^^^^^^^^^^^^^^^^^^^^^^^^^^^
  File "C:\Users\9BCF~1\Documents\GitHub\freel_bot\.venv\Lib\site-packages\aiogram\dispatcher\event\handler.py", line 71, in call
    return await wrapped()
           ^^^^^^^^^^^^^^^
  File "C:\Users\9BCF~1\Documents\GitHub\freel_bot\.venv\Lib\site-packages\aiogram\dispatcher\dispatcher.py", line 283, in _listen_update
    return await self.propagate_event(update_type=update_type, event=event, **kwargs)
           ^^^^^^^^^^^^^^^^^^^^^^^^^^^^^^^^^^^^^^^^^^^^^^^^^^^^^^^^^^^^^^^^^^^^^^^^^^
  File "C:\Users\9BCF~1\Documents\GitHub\freel_bot\.venv\Lib\site-packages\aiogram\dispatcher\router.py", line 163, in propagate_event
    return await observer.wrap_outer_middleware(_wrapped, event=event, data=kwargs)
           ^^^^^^^^^^^^^^^^^^^^^^^^^^^^^^^^^^^^^^^^^^^^^^^^^^^^^^^^^^^^^^^^^^^^^^^^
  File "C:\Users\9BCF~1\Documents\GitHub\freel_bot\.venv\Lib\site-packages\aiogram\dispatcher\router.py", line 155, in _wrapped
    return await self._propagate_event(
           ^^^^^^^^^^^^^^^^^^^^^^^^^^^^
    ...<4 lines>...
    )
    ^
  File "C:\Users\9BCF~1\Documents\GitHub\freel_bot\.venv\Lib\site-packages\aiogram\dispatcher\router.py", line 191, in _propagate_event
    response = await router.propagate_event(update_type=update_type, event=event, **kwargs)
               ^^^^^^^^^^^^^^^^^^^^^^^^^^^^^^^^^^^^^^^^^^^^^^^^^^^^^^^^^^^^^^^^^^^^^^^^^^^^
  File "C:\Users\9BCF~1\Documents\GitHub\freel_bot\.venv\Lib\site-packages\aiogram\dispatcher\router.py", line 163, in propagate_event
    return await observer.wrap_outer_middleware(_wrapped, event=event, data=kwargs)
           ^^^^^^^^^^^^^^^^^^^^^^^^^^^^^^^^^^^^^^^^^^^^^^^^^^^^^^^^^^^^^^^^^^^^^^^^
  File "C:\Users\9BCF~1\Documents\GitHub\freel_bot\.venv\Lib\site-packages\aiogram\dispatcher\router.py", line 155, in _wrapped
    return await self._propagate_event(
           ^^^^^^^^^^^^^^^^^^^^^^^^^^^^
    ...<4 lines>...
    )
    ^
  File "C:\Users\9BCF~1\Documents\GitHub\freel_bot\.venv\Lib\site-packages\aiogram\dispatcher\router.py", line 183, in _propagate_event
    response = await observer.trigger(event, **kwargs)
               ^^^^^^^^^^^^^^^^^^^^^^^^^^^^^^^^^^^^^^^
  File "C:\Users\9BCF~1\Documents\GitHub\freel_bot\.venv\Lib\site-packages\aiogram\dispatcher\event\telegram.py", line 126, in trigger
    return await wrapped_inner(event, kwargs)
           ^^^^^^^^^^^^^^^^^^^^^^^^^^^^^^^^^^
  File "C:\Users\9BCF~1\Documents\GitHub\freel_bot\.venv\Lib\site-packages\aiogram\dispatcher\event\handler.py", line 71, in call
    return await wrapped()
           ^^^^^^^^^^^^^^^
  File "C:\Users\9BCF~1\Documents\GitHub\freel_bot\app\bot\quota_handlers.py", line 163, in cb_kwork_skip
    await callback.answer("Пропущено", show_alert=False)
  File "C:\Users\9BCF~1\Documents\GitHub\freel_bot\.venv\Lib\site-packages\aiogram\methods\base.py", line 82, in emit
    return await bot(self)
           ^^^^^^^^^^^^^^^
  File "C:\Users\9BCF~1\Documents\GitHub\freel_bot\.venv\Lib\site-packages\aiogram\client\bot.py", line 493, in __call__
    return await self.session(self, method, timeout=request_timeout)
           ^^^^^^^^^^^^^^^^^^^^^^^^^^^^^^^^^^^^^^^^^^^^^^^^^^^^^^^^^
  File "C:\Users\9BCF~1\Documents\GitHub\freel_bot\.venv\Lib\site-packages\aiogram\client\session\base.py", line 259, in __call__
    return cast(TelegramType, await middleware(bot, method))
                              ^^^^^^^^^^^^^^^^^^^^^^^^^^^^^
  File "C:\Users\9BCF~1\Documents\GitHub\freel_bot\app\bot\middlewares.py", line 51, in __call__
    return await make_request(bot, method)
           ^^^^^^^^^^^^^^^^^^^^^^^^^^^^^^^
  File "C:\Users\9BCF~1\Documents\GitHub\freel_bot\.venv\Lib\site-packages\aiogram\client\session\aiohttp.py", line 177, in make_request
    response = self.check_response(
        bot=bot,
    ...<2 lines>...
        content=raw_result,
    )
  File "C:\Users\9BCF~1\Documents\GitHub\freel_bot\.venv\Lib\site-packages\aiogram\client\session\base.py", line 121, in check_response
    raise TelegramBadRequest(method=method, message=description)
aiogram.exceptions.TelegramBadRequest: Telegram server says - Bad Request: query is too old and response timeout expired or query ID is invalid
ERROR:asyncio:Task exception was never retrieved
future: <Task finished name='Task-533' coro=<BaseRequestHandler._background_feed_update() done, defined at C:\Users\9BCF~1\Documents\GitHub\freel_bot\.venv\Lib\site-packages\aiogram\webhook\aiohttp_server.py:139> exception=TelegramBadRequest('Telegram server says - Bad Request: query is too old and response timeout expired or query ID is invalid')>
Traceback (most recent call last):
  File "C:\Users\9BCF~1\Documents\GitHub\freel_bot\.venv\Lib\site-packages\aiogram\webhook\aiohttp_server.py", line 140, in _background_feed_update
    result = await self.dispatcher.feed_raw_update(bot=bot, update=update, **self.data)
             ^^^^^^^^^^^^^^^^^^^^^^^^^^^^^^^^^^^^^^^^^^^^^^^^^^^^^^^^^^^^^^^^^^^^^^^^^^
  File "C:\Users\9BCF~1\Documents\GitHub\freel_bot\.venv\Lib\site-packages\aiogram\dispatcher\dispatcher.py", line 195, in feed_raw_update
    return await self._feed_webhook_update(bot=bot, update=parsed_update, **kwargs)
           ^^^^^^^^^^^^^^^^^^^^^^^^^^^^^^^^^^^^^^^^^^^^^^^^^^^^^^^^^^^^^^^^^^^^^^^^
  File "C:\Users\9BCF~1\Documents\GitHub\freel_bot\.venv\Lib\site-packages\aiogram\dispatcher\dispatcher.py", line 425, in _feed_webhook_update
    return await self.feed_update(bot, update, **kwargs)
           ^^^^^^^^^^^^^^^^^^^^^^^^^^^^^^^^^^^^^^^^^^^^^
  File "C:\Users\9BCF~1\Documents\GitHub\freel_bot\.venv\Lib\site-packages\aiogram\dispatcher\dispatcher.py", line 164, in feed_update
    response = await self.update.wrap_outer_middleware(
               ^^^^^^^^^^^^^^^^^^^^^^^^^^^^^^^^^^^^^^^^
    ...<7 lines>...
    )
    ^
  File "C:\Users\9BCF~1\Documents\GitHub\freel_bot\.venv\Lib\site-packages\aiogram\dispatcher\middlewares\error.py", line 27, in __call__
    return await handler(event, data)
           ^^^^^^^^^^^^^^^^^^^^^^^^^^
  File "C:\Users\9BCF~1\Documents\GitHub\freel_bot\.venv\Lib\site-packages\aiogram\dispatcher\middlewares\user_context.py", line 58, in __call__
    return await handler(event, data)
           ^^^^^^^^^^^^^^^^^^^^^^^^^^
  File "C:\Users\9BCF~1\Documents\GitHub\freel_bot\.venv\Lib\site-packages\aiogram\fsm\middleware.py", line 43, in __call__
    return await handler(event, data)
           ^^^^^^^^^^^^^^^^^^^^^^^^^^
  File "C:\Users\9BCF~1\Documents\GitHub\freel_bot\.venv\Lib\site-packages\aiogram\dispatcher\event\telegram.py", line 126, in trigger
    return await wrapped_inner(event, kwargs)
           ^^^^^^^^^^^^^^^^^^^^^^^^^^^^^^^^^^
  File "C:\Users\9BCF~1\Documents\GitHub\freel_bot\.venv\Lib\site-packages\aiogram\dispatcher\event\handler.py", line 71, in call
    return await wrapped()
           ^^^^^^^^^^^^^^^
  File "C:\Users\9BCF~1\Documents\GitHub\freel_bot\.venv\Lib\site-packages\aiogram\dispatcher\dispatcher.py", line 283, in _listen_update
    return await self.propagate_event(update_type=update_type, event=event, **kwargs)
           ^^^^^^^^^^^^^^^^^^^^^^^^^^^^^^^^^^^^^^^^^^^^^^^^^^^^^^^^^^^^^^^^^^^^^^^^^^
  File "C:\Users\9BCF~1\Documents\GitHub\freel_bot\.venv\Lib\site-packages\aiogram\dispatcher\router.py", line 163, in propagate_event
    return await observer.wrap_outer_middleware(_wrapped, event=event, data=kwargs)
           ^^^^^^^^^^^^^^^^^^^^^^^^^^^^^^^^^^^^^^^^^^^^^^^^^^^^^^^^^^^^^^^^^^^^^^^^
  File "C:\Users\9BCF~1\Documents\GitHub\freel_bot\.venv\Lib\site-packages\aiogram\dispatcher\router.py", line 155, in _wrapped
    return await self._propagate_event(
           ^^^^^^^^^^^^^^^^^^^^^^^^^^^^
    ...<4 lines>...
    )
    ^
  File "C:\Users\9BCF~1\Documents\GitHub\freel_bot\.venv\Lib\site-packages\aiogram\dispatcher\router.py", line 191, in _propagate_event
    response = await router.propagate_event(update_type=update_type, event=event, **kwargs)
               ^^^^^^^^^^^^^^^^^^^^^^^^^^^^^^^^^^^^^^^^^^^^^^^^^^^^^^^^^^^^^^^^^^^^^^^^^^^^
  File "C:\Users\9BCF~1\Documents\GitHub\freel_bot\.venv\Lib\site-packages\aiogram\dispatcher\router.py", line 163, in propagate_event
    return await observer.wrap_outer_middleware(_wrapped, event=event, data=kwargs)
           ^^^^^^^^^^^^^^^^^^^^^^^^^^^^^^^^^^^^^^^^^^^^^^^^^^^^^^^^^^^^^^^^^^^^^^^^
  File "C:\Users\9BCF~1\Documents\GitHub\freel_bot\.venv\Lib\site-packages\aiogram\dispatcher\router.py", line 155, in _wrapped
    return await self._propagate_event(
           ^^^^^^^^^^^^^^^^^^^^^^^^^^^^
    ...<4 lines>...
    )
    ^
  File "C:\Users\9BCF~1\Documents\GitHub\freel_bot\.venv\Lib\site-packages\aiogram\dispatcher\router.py", line 183, in _propagate_event
    response = await observer.trigger(event, **kwargs)
               ^^^^^^^^^^^^^^^^^^^^^^^^^^^^^^^^^^^^^^^
  File "C:\Users\9BCF~1\Documents\GitHub\freel_bot\.venv\Lib\site-packages\aiogram\dispatcher\event\telegram.py", line 126, in trigger
    return await wrapped_inner(event, kwargs)
           ^^^^^^^^^^^^^^^^^^^^^^^^^^^^^^^^^^
  File "C:\Users\9BCF~1\Documents\GitHub\freel_bot\.venv\Lib\site-packages\aiogram\dispatcher\event\handler.py", line 71, in call
    return await wrapped()
           ^^^^^^^^^^^^^^^
  File "C:\Users\9BCF~1\Documents\GitHub\freel_bot\app\bot\quota_handlers.py", line 163, in cb_kwork_skip
    await callback.answer("Пропущено", show_alert=False)
  File "C:\Users\9BCF~1\Documents\GitHub\freel_bot\.venv\Lib\site-packages\aiogram\methods\base.py", line 82, in emit
    return await bot(self)
           ^^^^^^^^^^^^^^^
  File "C:\Users\9BCF~1\Documents\GitHub\freel_bot\.venv\Lib\site-packages\aiogram\client\bot.py", line 493, in __call__
    return await self.session(self, method, timeout=request_timeout)
           ^^^^^^^^^^^^^^^^^^^^^^^^^^^^^^^^^^^^^^^^^^^^^^^^^^^^^^^^^
  File "C:\Users\9BCF~1\Documents\GitHub\freel_bot\.venv\Lib\site-packages\aiogram\client\session\base.py", line 259, in __call__
    return cast(TelegramType, await middleware(bot, method))
                              ^^^^^^^^^^^^^^^^^^^^^^^^^^^^^
  File "C:\Users\9BCF~1\Documents\GitHub\freel_bot\app\bot\middlewares.py", line 51, in __call__
    return await make_request(bot, method)
           ^^^^^^^^^^^^^^^^^^^^^^^^^^^^^^^
  File "C:\Users\9BCF~1\Documents\GitHub\freel_bot\.venv\Lib\site-packages\aiogram\client\session\aiohttp.py", line 177, in make_request
    response = self.check_response(
        bot=bot,
    ...<2 lines>...
        content=raw_result,
    )
  File "C:\Users\9BCF~1\Documents\GitHub\freel_bot\.venv\Lib\site-packages\aiogram\client\session\base.py", line 121, in check_response
    raise TelegramBadRequest(method=method, message=description)
aiogram.exceptions.TelegramBadRequest: Telegram server says - Bad Request: query is too old and response timeout expired or query ID is invalid
======== Running on http://0.0.0.0:8081 ========
(Press CTRL+C to quit)
ERROR:apscheduler.executors.default:Job "get_upwork_projects (trigger: interval[0:15:00], next run at: 2026-04-26 05:52:29 MSK)" raised an exception
Traceback (most recent call last):
  File "C:\Users\9BCF~1\Documents\GitHub\freel_bot\.venv\Lib\site-packages\aiohttp\connector.py", line 1325, in _wrap_create_connection
    return await self._loop.create_connection(*args, **kwargs, sock=sock)
           ^^^^^^^^^^^^^^^^^^^^^^^^^^^^^^^^^^^^^^^^^^^^^^^^^^^^^^^^^^^^^^
  File "C:\Users\Исаев\AppData\Local\Programs\Python\Python313\Lib\asyncio\base_events.py", line 1182, in create_connection
    transport, protocol = await self._create_connection_transport(
                          ^^^^^^^^^^^^^^^^^^^^^^^^^^^^^^^^^^^^^^^^
    ...<2 lines>...
        ssl_shutdown_timeout=ssl_shutdown_timeout)
        ^^^^^^^^^^^^^^^^^^^^^^^^^^^^^^^^^^^^^^^^^^
  File "C:\Users\Исаев\AppData\Local\Programs\Python\Python313\Lib\asyncio\base_events.py", line 1215, in _create_connection_transport
    await waiter
asyncio.exceptions.CancelledError

The above exception was the direct cause of the following exception:

Traceback (most recent call last):
  File "C:\Users\9BCF~1\Documents\GitHub\freel_bot\.venv\Lib\site-packages\aiohttp\client.py", line 742, in _connect_and_send_request
    conn = await self._connector.connect(
           ^^^^^^^^^^^^^^^^^^^^^^^^^^^^^^
        req, traces=traces, timeout=real_timeout
        ^^^^^^^^^^^^^^^^^^^^^^^^^^^^^^^^^^^^^^^^
    )
    ^
  File "C:\Users\9BCF~1\Documents\GitHub\freel_bot\.venv\Lib\site-packages\aiohttp\connector.py", line 672, in connect
    proto = await self._create_connection(req, traces, timeout)
            ^^^^^^^^^^^^^^^^^^^^^^^^^^^^^^^^^^^^^^^^^^^^^^^^^^^
  File "C:\Users\9BCF~1\Documents\GitHub\freel_bot\.venv\Lib\site-packages\aiohttp\connector.py", line 1251, in _create_connection
    _, proto = await self._create_direct_connection(req, traces, timeout)
               ^^^^^^^^^^^^^^^^^^^^^^^^^^^^^^^^^^^^^^^^^^^^^^^^^^^^^^^^^^
  File "C:\Users\9BCF~1\Documents\GitHub\freel_bot\.venv\Lib\site-packages\aiohttp\connector.py", line 1623, in _create_direct_connection
    raise last_exc
  File "C:\Users\9BCF~1\Documents\GitHub\freel_bot\.venv\Lib\site-packages\aiohttp\connector.py", line 1592, in _create_direct_connection
    transp, proto = await self._wrap_create_connection(
                    ^^^^^^^^^^^^^^^^^^^^^^^^^^^^^^^^^^^
    ...<7 lines>...
    )
    ^
  File "C:\Users\9BCF~1\Documents\GitHub\freel_bot\.venv\Lib\site-packages\aiohttp\connector.py", line 1307, in _wrap_create_connection
    async with ceil_timeout(
               ~~~~~~~~~~~~^
        timeout.sock_connect, ceil_threshold=timeout.ceil_threshold
        ^^^^^^^^^^^^^^^^^^^^^^^^^^^^^^^^^^^^^^^^^^^^^^^^^^^^^^^^^^^
    ):
    ^
  File "C:\Users\Исаев\AppData\Local\Programs\Python\Python313\Lib\asyncio\timeouts.py", line 116, in __aexit__
    raise TimeoutError from exc_val
TimeoutError

The above exception was the direct cause of the following exception:

Traceback (most recent call last):
  File "C:\Users\9BCF~1\Documents\GitHub\freel_bot\.venv\Lib\site-packages\apscheduler\executors\base_py3.py", line 30, in run_coroutine_job
    retval = await job.func(*job.args, **job.kwargs)
             ^^^^^^^^^^^^^^^^^^^^^^^^^^^^^^^^^^^^^^^
  File "C:\Users\9BCF~1\Documents\GitHub\freel_bot\app\parser.py", line 195, in get_upwork_projects
    async with session.get(url, params=params) as response:
               ~~~~~~~~~~~^^^^^^^^^^^^^^^^^^^^
  File "C:\Users\9BCF~1\Documents\GitHub\freel_bot\.venv\Lib\site-packages\aiohttp\client.py", line 1521, in __aenter__
    self._resp: _RetType = await self._coro
                           ^^^^^^^^^^^^^^^^
  File "C:\Users\9BCF~1\Documents\GitHub\freel_bot\.venv\Lib\site-packages\aiohttp\client.py", line 788, in _request
    resp = await handler(req)
           ^^^^^^^^^^^^^^^^^^
  File "C:\Users\9BCF~1\Documents\GitHub\freel_bot\.venv\Lib\site-packages\aiohttp\client.py", line 746, in _connect_and_send_request
    raise ConnectionTimeoutError(
        f"Connection timeout to host {req.url}"
    ) from exc
aiohttp.client_exceptions.ConnectionTimeoutError: Connection timeout to host https://www.upwork.com/ab/feed/jobs/rss?q=none&subcategory2_uid=None&sort=recency&paging=0%3B50&api_params=1&securityToken=none&userUid=none&orgUid=none
ERROR:apscheduler.executors.default:Job "get_kwork_projects (trigger: interval[0:10:00], next run at: 2026-04-26 05:47:29 MSK)" raised an exception
Traceback (most recent call last):
  File "C:\Users\9BCF~1\Documents\GitHub\freel_bot\.venv\Lib\site-packages\aiohttp\connector.py", line 1325, in _wrap_create_connection
    return await self._loop.create_connection(*args, **kwargs, sock=sock)
           ^^^^^^^^^^^^^^^^^^^^^^^^^^^^^^^^^^^^^^^^^^^^^^^^^^^^^^^^^^^^^^
  File "C:\Users\Исаев\AppData\Local\Programs\Python\Python313\Lib\asyncio\base_events.py", line 1182, in create_connection
    transport, protocol = await self._create_connection_transport(
                          ^^^^^^^^^^^^^^^^^^^^^^^^^^^^^^^^^^^^^^^^
    ...<2 lines>...
        ssl_shutdown_timeout=ssl_shutdown_timeout)
        ^^^^^^^^^^^^^^^^^^^^^^^^^^^^^^^^^^^^^^^^^^
  File "C:\Users\Исаев\AppData\Local\Programs\Python\Python313\Lib\asyncio\base_events.py", line 1215, in _create_connection_transport
    await waiter
asyncio.exceptions.CancelledError

The above exception was the direct cause of the following exception:

Traceback (most recent call last):
  File "C:\Users\9BCF~1\Documents\GitHub\freel_bot\.venv\Lib\site-packages\aiohttp\client.py", line 742, in _connect_and_send_request
    conn = await self._connector.connect(
           ^^^^^^^^^^^^^^^^^^^^^^^^^^^^^^
        req, traces=traces, timeout=real_timeout
        ^^^^^^^^^^^^^^^^^^^^^^^^^^^^^^^^^^^^^^^^
    )
    ^
  File "C:\Users\9BCF~1\Documents\GitHub\freel_bot\.venv\Lib\site-packages\aiohttp\connector.py", line 672, in connect
    proto = await self._create_connection(req, traces, timeout)
            ^^^^^^^^^^^^^^^^^^^^^^^^^^^^^^^^^^^^^^^^^^^^^^^^^^^
  File "C:\Users\9BCF~1\Documents\GitHub\freel_bot\.venv\Lib\site-packages\aiohttp\connector.py", line 1251, in _create_connection
    _, proto = await self._create_direct_connection(req, traces, timeout)
               ^^^^^^^^^^^^^^^^^^^^^^^^^^^^^^^^^^^^^^^^^^^^^^^^^^^^^^^^^^
  File "C:\Users\9BCF~1\Documents\GitHub\freel_bot\.venv\Lib\site-packages\aiohttp\connector.py", line 1623, in _create_direct_connection
    raise last_exc
  File "C:\Users\9BCF~1\Documents\GitHub\freel_bot\.venv\Lib\site-packages\aiohttp\connector.py", line 1592, in _create_direct_connection
    transp, proto = await self._wrap_create_connection(
                    ^^^^^^^^^^^^^^^^^^^^^^^^^^^^^^^^^^^
    ...<7 lines>...
    )
    ^
  File "C:\Users\9BCF~1\Documents\GitHub\freel_bot\.venv\Lib\site-packages\aiohttp\connector.py", line 1307, in _wrap_create_connection
    async with ceil_timeout(
               ~~~~~~~~~~~~^
        timeout.sock_connect, ceil_threshold=timeout.ceil_threshold
        ^^^^^^^^^^^^^^^^^^^^^^^^^^^^^^^^^^^^^^^^^^^^^^^^^^^^^^^^^^^
    ):
    ^
  File "C:\Users\Исаев\AppData\Local\Programs\Python\Python313\Lib\asyncio\timeouts.py", line 116, in __aexit__
    raise TimeoutError from exc_val
TimeoutError

The above exception was the direct cause of the following exception:

Traceback (most recent call last):
  File "C:\Users\9BCF~1\Documents\GitHub\freel_bot\.venv\Lib\site-packages\apscheduler\executors\base_py3.py", line 30, in run_coroutine_job
    retval = await job.func(*job.args, **job.kwargs)
             ^^^^^^^^^^^^^^^^^^^^^^^^^^^^^^^^^^^^^^^
  File "C:\Users\9BCF~1\Documents\GitHub\freel_bot\app\parser.py", line 245, in get_kwork_projects
    token = await kwork.token
            ^^^^^^^^^^^^^^^^^
  File "C:\Users\9BCF~1\Documents\GitHub\freel_bot\.venv\Lib\site-packages\kwork\kwork.py", line 51, in token
    self._token = await self.get_token()
                  ^^^^^^^^^^^^^^^^^^^^^^
  File "C:\Users\9BCF~1\Documents\GitHub\freel_bot\.venv\Lib\site-packages\kwork\kwork.py", line 80, in get_token
    resp: dict = await self.api_request(
                 ^^^^^^^^^^^^^^^^^^^^^^^
    ...<5 lines>...
    )
    ^
  File "C:\Users\9BCF~1\Documents\GitHub\freel_bot\.venv\Lib\site-packages\kwork\kwork.py", line 61, in api_request
    async with self.session.request(
               ~~~~~~~~~~~~~~~~~~~~^
        method=method,
        ^^^^^^^^^^^^^^
    ...<2 lines>...
        params=params,
        ^^^^^^^^^^^^^^
    ) as resp:
    ^
  File "C:\Users\9BCF~1\Documents\GitHub\freel_bot\.venv\Lib\site-packages\aiohttp\client.py", line 1521, in __aenter__
    self._resp: _RetType = await self._coro
                           ^^^^^^^^^^^^^^^^
  File "C:\Users\9BCF~1\Documents\GitHub\freel_bot\.venv\Lib\site-packages\aiohttp\client.py", line 788, in _request
    resp = await handler(req)
           ^^^^^^^^^^^^^^^^^^
  File "C:\Users\9BCF~1\Documents\GitHub\freel_bot\.venv\Lib\site-packages\aiohttp\client.py", line 746, in _connect_and_send_request
    raise ConnectionTimeoutError(
        f"Connection timeout to host {req.url}"
    ) from exc
aiohttp.client_exceptions.ConnectionTimeoutError: Connection timeout to host https://api.kwork.ru/signIn?login=gi.32@mail.ru&password=BadManTing625&phone_last=1447
ERROR:asyncio:Unclosed client session
client_session: <aiohttp.client.ClientSession object at 0x0000020349150CD0>
ERROR:apscheduler.executors.default:Job "get_upwork_projects (trigger: interval[0:15:00], next run at: 2026-04-26 15:22:29 MSK)" raised an exception
Traceback (most recent call last):
  File "C:\Users\9BCF~1\Documents\GitHub\freel_bot\.venv\Lib\site-packages\aiohttp\connector.py", line 1325, in _wrap_create_connection
    return await self._loop.create_connection(*args, **kwargs, sock=sock)
           ^^^^^^^^^^^^^^^^^^^^^^^^^^^^^^^^^^^^^^^^^^^^^^^^^^^^^^^^^^^^^^
  File "C:\Users\Исаев\AppData\Local\Programs\Python\Python313\Lib\asyncio\base_events.py", line 1182, in create_connection
    transport, protocol = await self._create_connection_transport(
                          ^^^^^^^^^^^^^^^^^^^^^^^^^^^^^^^^^^^^^^^^
    ...<2 lines>...
        ssl_shutdown_timeout=ssl_shutdown_timeout)
        ^^^^^^^^^^^^^^^^^^^^^^^^^^^^^^^^^^^^^^^^^^
  File "C:\Users\Исаев\AppData\Local\Programs\Python\Python313\Lib\asyncio\base_events.py", line 1215, in _create_connection_transport
    await waiter
asyncio.exceptions.CancelledError

The above exception was the direct cause of the following exception:

Traceback (most recent call last):
  File "C:\Users\9BCF~1\Documents\GitHub\freel_bot\.venv\Lib\site-packages\aiohttp\client.py", line 742, in _connect_and_send_request
    conn = await self._connector.connect(
           ^^^^^^^^^^^^^^^^^^^^^^^^^^^^^^
        req, traces=traces, timeout=real_timeout
        ^^^^^^^^^^^^^^^^^^^^^^^^^^^^^^^^^^^^^^^^
    )
    ^
  File "C:\Users\9BCF~1\Documents\GitHub\freel_bot\.venv\Lib\site-packages\aiohttp\connector.py", line 672, in connect
    proto = await self._create_connection(req, traces, timeout)
            ^^^^^^^^^^^^^^^^^^^^^^^^^^^^^^^^^^^^^^^^^^^^^^^^^^^
  File "C:\Users\9BCF~1\Documents\GitHub\freel_bot\.venv\Lib\site-packages\aiohttp\connector.py", line 1251, in _create_connection
    _, proto = await self._create_direct_connection(req, traces, timeout)
               ^^^^^^^^^^^^^^^^^^^^^^^^^^^^^^^^^^^^^^^^^^^^^^^^^^^^^^^^^^
  File "C:\Users\9BCF~1\Documents\GitHub\freel_bot\.venv\Lib\site-packages\aiohttp\connector.py", line 1623, in _create_direct_connection
    raise last_exc
  File "C:\Users\9BCF~1\Documents\GitHub\freel_bot\.venv\Lib\site-packages\aiohttp\connector.py", line 1592, in _create_direct_connection
    transp, proto = await self._wrap_create_connection(
                    ^^^^^^^^^^^^^^^^^^^^^^^^^^^^^^^^^^^
    ...<7 lines>...
    )
    ^
  File "C:\Users\9BCF~1\Documents\GitHub\freel_bot\.venv\Lib\site-packages\aiohttp\connector.py", line 1307, in _wrap_create_connection
    async with ceil_timeout(
               ~~~~~~~~~~~~^
        timeout.sock_connect, ceil_threshold=timeout.ceil_threshold
        ^^^^^^^^^^^^^^^^^^^^^^^^^^^^^^^^^^^^^^^^^^^^^^^^^^^^^^^^^^^
    ):
    ^
  File "C:\Users\Исаев\AppData\Local\Programs\Python\Python313\Lib\asyncio\timeouts.py", line 116, in __aexit__
    raise TimeoutError from exc_val
TimeoutError

The above exception was the direct cause of the following exception:

Traceback (most recent call last):
  File "C:\Users\9BCF~1\Documents\GitHub\freel_bot\.venv\Lib\site-packages\apscheduler\executors\base_py3.py", line 30, in run_coroutine_job
    retval = await job.func(*job.args, **job.kwargs)
             ^^^^^^^^^^^^^^^^^^^^^^^^^^^^^^^^^^^^^^^
  File "C:\Users\9BCF~1\Documents\GitHub\freel_bot\app\parser.py", line 195, in get_upwork_projects
    async with session.get(url, params=params) as response:
               ~~~~~~~~~~~^^^^^^^^^^^^^^^^^^^^
  File "C:\Users\9BCF~1\Documents\GitHub\freel_bot\.venv\Lib\site-packages\aiohttp\client.py", line 1521, in __aenter__
    self._resp: _RetType = await self._coro
                           ^^^^^^^^^^^^^^^^
  File "C:\Users\9BCF~1\Documents\GitHub\freel_bot\.venv\Lib\site-packages\aiohttp\client.py", line 788, in _request
    resp = await handler(req)
           ^^^^^^^^^^^^^^^^^^
  File "C:\Users\9BCF~1\Documents\GitHub\freel_bot\.venv\Lib\site-packages\aiohttp\client.py", line 746, in _connect_and_send_request
    raise ConnectionTimeoutError(
        f"Connection timeout to host {req.url}"
    ) from exc
aiohttp.client_exceptions.ConnectionTimeoutError: Connection timeout to host https://www.upwork.com/ab/feed/jobs/rss?q=none&subcategory2_uid=None&sort=recency&paging=0%3B50&api_params=1&securityToken=none&userUid=none&orgUid=none
ERROR:apscheduler.executors.default:Job "get_kwork_projects (trigger: interval[0:10:00], next run at: 2026-04-26 15:17:29 MSK)" raised an exception
Traceback (most recent call last):
  File "C:\Users\9BCF~1\Documents\GitHub\freel_bot\.venv\Lib\site-packages\aiohttp\connector.py", line 1325, in _wrap_create_connection
    return await self._loop.create_connection(*args, **kwargs, sock=sock)
           ^^^^^^^^^^^^^^^^^^^^^^^^^^^^^^^^^^^^^^^^^^^^^^^^^^^^^^^^^^^^^^
  File "C:\Users\Исаев\AppData\Local\Programs\Python\Python313\Lib\asyncio\base_events.py", line 1182, in create_connection
    transport, protocol = await self._create_connection_transport(
                          ^^^^^^^^^^^^^^^^^^^^^^^^^^^^^^^^^^^^^^^^
    ...<2 lines>...
        ssl_shutdown_timeout=ssl_shutdown_timeout)
        ^^^^^^^^^^^^^^^^^^^^^^^^^^^^^^^^^^^^^^^^^^
  File "C:\Users\Исаев\AppData\Local\Programs\Python\Python313\Lib\asyncio\base_events.py", line 1215, in _create_connection_transport
    await waiter
asyncio.exceptions.CancelledError

The above exception was the direct cause of the following exception:

Traceback (most recent call last):
  File "C:\Users\9BCF~1\Documents\GitHub\freel_bot\.venv\Lib\site-packages\aiohttp\client.py", line 742, in _connect_and_send_request
    conn = await self._connector.connect(
           ^^^^^^^^^^^^^^^^^^^^^^^^^^^^^^
        req, traces=traces, timeout=real_timeout
        ^^^^^^^^^^^^^^^^^^^^^^^^^^^^^^^^^^^^^^^^
    )
    ^
  File "C:\Users\9BCF~1\Documents\GitHub\freel_bot\.venv\Lib\site-packages\aiohttp\connector.py", line 672, in connect
    proto = await self._create_connection(req, traces, timeout)
            ^^^^^^^^^^^^^^^^^^^^^^^^^^^^^^^^^^^^^^^^^^^^^^^^^^^
  File "C:\Users\9BCF~1\Documents\GitHub\freel_bot\.venv\Lib\site-packages\aiohttp\connector.py", line 1251, in _create_connection
    _, proto = await self._create_direct_connection(req, traces, timeout)
               ^^^^^^^^^^^^^^^^^^^^^^^^^^^^^^^^^^^^^^^^^^^^^^^^^^^^^^^^^^
  File "C:\Users\9BCF~1\Documents\GitHub\freel_bot\.venv\Lib\site-packages\aiohttp\connector.py", line 1623, in _create_direct_connection
    raise last_exc
  File "C:\Users\9BCF~1\Documents\GitHub\freel_bot\.venv\Lib\site-packages\aiohttp\connector.py", line 1592, in _create_direct_connection
    transp, proto = await self._wrap_create_connection(
                    ^^^^^^^^^^^^^^^^^^^^^^^^^^^^^^^^^^^
    ...<7 lines>...
    )
    ^
  File "C:\Users\9BCF~1\Documents\GitHub\freel_bot\.venv\Lib\site-packages\aiohttp\connector.py", line 1307, in _wrap_create_connection
    async with ceil_timeout(
               ~~~~~~~~~~~~^
        timeout.sock_connect, ceil_threshold=timeout.ceil_threshold
        ^^^^^^^^^^^^^^^^^^^^^^^^^^^^^^^^^^^^^^^^^^^^^^^^^^^^^^^^^^^
    ):
    ^
  File "C:\Users\Исаев\AppData\Local\Programs\Python\Python313\Lib\asyncio\timeouts.py", line 116, in __aexit__
    raise TimeoutError from exc_val
TimeoutError

The above exception was the direct cause of the following exception:

Traceback (most recent call last):
  File "C:\Users\9BCF~1\Documents\GitHub\freel_bot\.venv\Lib\site-packages\apscheduler\executors\base_py3.py", line 30, in run_coroutine_job
    retval = await job.func(*job.args, **job.kwargs)
             ^^^^^^^^^^^^^^^^^^^^^^^^^^^^^^^^^^^^^^^
  File "C:\Users\9BCF~1\Documents\GitHub\freel_bot\app\parser.py", line 245, in get_kwork_projects
    token = await kwork.token
            ^^^^^^^^^^^^^^^^^
  File "C:\Users\9BCF~1\Documents\GitHub\freel_bot\.venv\Lib\site-packages\kwork\kwork.py", line 51, in token
    self._token = await self.get_token()
                  ^^^^^^^^^^^^^^^^^^^^^^
  File "C:\Users\9BCF~1\Documents\GitHub\freel_bot\.venv\Lib\site-packages\kwork\kwork.py", line 80, in get_token
    resp: dict = await self.api_request(
                 ^^^^^^^^^^^^^^^^^^^^^^^
    ...<5 lines>...
    )
    ^
  File "C:\Users\9BCF~1\Documents\GitHub\freel_bot\.venv\Lib\site-packages\kwork\kwork.py", line 61, in api_request
    async with self.session.request(
               ~~~~~~~~~~~~~~~~~~~~^
        method=method,
        ^^^^^^^^^^^^^^
    ...<2 lines>...
        params=params,
        ^^^^^^^^^^^^^^
    ) as resp:
    ^
  File "C:\Users\9BCF~1\Documents\GitHub\freel_bot\.venv\Lib\site-packages\aiohttp\client.py", line 1521, in __aenter__
    self._resp: _RetType = await self._coro
                           ^^^^^^^^^^^^^^^^
  File "C:\Users\9BCF~1\Documents\GitHub\freel_bot\.venv\Lib\site-packages\aiohttp\client.py", line 788, in _request
    resp = await handler(req)
           ^^^^^^^^^^^^^^^^^^
  File "C:\Users\9BCF~1\Documents\GitHub\freel_bot\.venv\Lib\site-packages\aiohttp\client.py", line 746, in _connect_and_send_request
    raise ConnectionTimeoutError(
        f"Connection timeout to host {req.url}"
    ) from exc
aiohttp.client_exceptions.ConnectionTimeoutError: Connection timeout to host https://api.kwork.ru/signIn?login=gi.32@mail.ru&password=BadManTing625&phone_last=1447
ERROR:asyncio:Unclosed client session
client_session: <aiohttp.client.ClientSession object at 0x0000020349150550>
ERROR:apscheduler.executors.default:Job "get_upwork_projects (trigger: interval[0:15:00], next run at: 2026-04-28 09:07:29 MSK)" raised an exception
Traceback (most recent call last):
  File "C:\Users\9BCF~1\Documents\GitHub\freel_bot\.venv\Lib\site-packages\aiohttp\connector.py", line 1325, in _wrap_create_connection
    return await self._loop.create_connection(*args, **kwargs, sock=sock)
           ^^^^^^^^^^^^^^^^^^^^^^^^^^^^^^^^^^^^^^^^^^^^^^^^^^^^^^^^^^^^^^
  File "C:\Users\Исаев\AppData\Local\Programs\Python\Python313\Lib\asyncio\base_events.py", line 1182, in create_connection
    transport, protocol = await self._create_connection_transport(
                          ^^^^^^^^^^^^^^^^^^^^^^^^^^^^^^^^^^^^^^^^
    ...<2 lines>...
        ssl_shutdown_timeout=ssl_shutdown_timeout)
        ^^^^^^^^^^^^^^^^^^^^^^^^^^^^^^^^^^^^^^^^^^
  File "C:\Users\Исаев\AppData\Local\Programs\Python\Python313\Lib\asyncio\base_events.py", line 1215, in _create_connection_transport
    await waiter
asyncio.exceptions.CancelledError

The above exception was the direct cause of the following exception:

Traceback (most recent call last):
  File "C:\Users\9BCF~1\Documents\GitHub\freel_bot\.venv\Lib\site-packages\aiohttp\client.py", line 742, in _connect_and_send_request
    conn = await self._connector.connect(
           ^^^^^^^^^^^^^^^^^^^^^^^^^^^^^^
        req, traces=traces, timeout=real_timeout
        ^^^^^^^^^^^^^^^^^^^^^^^^^^^^^^^^^^^^^^^^
    )
    ^
  File "C:\Users\9BCF~1\Documents\GitHub\freel_bot\.venv\Lib\site-packages\aiohttp\connector.py", line 672, in connect
    proto = await self._create_connection(req, traces, timeout)
            ^^^^^^^^^^^^^^^^^^^^^^^^^^^^^^^^^^^^^^^^^^^^^^^^^^^
  File "C:\Users\9BCF~1\Documents\GitHub\freel_bot\.venv\Lib\site-packages\aiohttp\connector.py", line 1251, in _create_connection
    _, proto = await self._create_direct_connection(req, traces, timeout)
               ^^^^^^^^^^^^^^^^^^^^^^^^^^^^^^^^^^^^^^^^^^^^^^^^^^^^^^^^^^
  File "C:\Users\9BCF~1\Documents\GitHub\freel_bot\.venv\Lib\site-packages\aiohttp\connector.py", line 1623, in _create_direct_connection
    raise last_exc
  File "C:\Users\9BCF~1\Documents\GitHub\freel_bot\.venv\Lib\site-packages\aiohttp\connector.py", line 1592, in _create_direct_connection
    transp, proto = await self._wrap_create_connection(
                    ^^^^^^^^^^^^^^^^^^^^^^^^^^^^^^^^^^^
    ...<7 lines>...
    )
    ^
  File "C:\Users\9BCF~1\Documents\GitHub\freel_bot\.venv\Lib\site-packages\aiohttp\connector.py", line 1307, in _wrap_create_connection
    async with ceil_timeout(
               ~~~~~~~~~~~~^
        timeout.sock_connect, ceil_threshold=timeout.ceil_threshold
        ^^^^^^^^^^^^^^^^^^^^^^^^^^^^^^^^^^^^^^^^^^^^^^^^^^^^^^^^^^^
    ):
    ^
  File "C:\Users\Исаев\AppData\Local\Programs\Python\Python313\Lib\asyncio\timeouts.py", line 116, in __aexit__
    raise TimeoutError from exc_val
TimeoutError

The above exception was the direct cause of the following exception:

Traceback (most recent call last):
  File "C:\Users\9BCF~1\Documents\GitHub\freel_bot\.venv\Lib\site-packages\apscheduler\executors\base_py3.py", line 30, in run_coroutine_job
    retval = await job.func(*job.args, **job.kwargs)
             ^^^^^^^^^^^^^^^^^^^^^^^^^^^^^^^^^^^^^^^
  File "C:\Users\9BCF~1\Documents\GitHub\freel_bot\app\parser.py", line 195, in get_upwork_projects
    async with session.get(url, params=params) as response:
               ~~~~~~~~~~~^^^^^^^^^^^^^^^^^^^^
  File "C:\Users\9BCF~1\Documents\GitHub\freel_bot\.venv\Lib\site-packages\aiohttp\client.py", line 1521, in __aenter__
    self._resp: _RetType = await self._coro
                           ^^^^^^^^^^^^^^^^
  File "C:\Users\9BCF~1\Documents\GitHub\freel_bot\.venv\Lib\site-packages\aiohttp\client.py", line 788, in _request
    resp = await handler(req)
           ^^^^^^^^^^^^^^^^^^
  File "C:\Users\9BCF~1\Documents\GitHub\freel_bot\.venv\Lib\site-packages\aiohttp\client.py", line 746, in _connect_and_send_request
    raise ConnectionTimeoutError(
        f"Connection timeout to host {req.url}"
    ) from exc
aiohttp.client_exceptions.ConnectionTimeoutError: Connection timeout to host https://www.upwork.com/ab/feed/jobs/rss?q=none&subcategory2_uid=None&sort=recency&paging=0%3B50&api_params=1&securityToken=none&userUid=none&orgUid=none
======== Running on http://0.0.0.0:8081 ========
(Press CTRL+C to quit)
ERROR:apscheduler.executors.default:Job "get_kwork_projects (trigger: interval[0:10:00], next run at: 2026-04-29 19:45:11 MSK)" raised an exception
Traceback (most recent call last):
  File "C:\Users\9BCF~1\Documents\GitHub\freel_bot\.venv\Lib\site-packages\aiohttp\connector.py", line 1325, in _wrap_create_connection
    return await self._loop.create_connection(*args, **kwargs, sock=sock)
           ^^^^^^^^^^^^^^^^^^^^^^^^^^^^^^^^^^^^^^^^^^^^^^^^^^^^^^^^^^^^^^
  File "C:\Users\Исаев\AppData\Local\Programs\Python\Python313\Lib\asyncio\base_events.py", line 1182, in create_connection
    transport, protocol = await self._create_connection_transport(
                          ^^^^^^^^^^^^^^^^^^^^^^^^^^^^^^^^^^^^^^^^
    ...<2 lines>...
        ssl_shutdown_timeout=ssl_shutdown_timeout)
        ^^^^^^^^^^^^^^^^^^^^^^^^^^^^^^^^^^^^^^^^^^
  File "C:\Users\Исаев\AppData\Local\Programs\Python\Python313\Lib\asyncio\base_events.py", line 1215, in _create_connection_transport
    await waiter
asyncio.exceptions.CancelledError

The above exception was the direct cause of the following exception:

Traceback (most recent call last):
  File "C:\Users\9BCF~1\Documents\GitHub\freel_bot\.venv\Lib\site-packages\aiohttp\client.py", line 742, in _connect_and_send_request
    conn = await self._connector.connect(
           ^^^^^^^^^^^^^^^^^^^^^^^^^^^^^^
        req, traces=traces, timeout=real_timeout
        ^^^^^^^^^^^^^^^^^^^^^^^^^^^^^^^^^^^^^^^^
    )
    ^
  File "C:\Users\9BCF~1\Documents\GitHub\freel_bot\.venv\Lib\site-packages\aiohttp\connector.py", line 672, in connect
    proto = await self._create_connection(req, traces, timeout)
            ^^^^^^^^^^^^^^^^^^^^^^^^^^^^^^^^^^^^^^^^^^^^^^^^^^^
  File "C:\Users\9BCF~1\Documents\GitHub\freel_bot\.venv\Lib\site-packages\aiohttp\connector.py", line 1251, in _create_connection
    _, proto = await self._create_direct_connection(req, traces, timeout)
               ^^^^^^^^^^^^^^^^^^^^^^^^^^^^^^^^^^^^^^^^^^^^^^^^^^^^^^^^^^
  File "C:\Users\9BCF~1\Documents\GitHub\freel_bot\.venv\Lib\site-packages\aiohttp\connector.py", line 1623, in _create_direct_connection
    raise last_exc
  File "C:\Users\9BCF~1\Documents\GitHub\freel_bot\.venv\Lib\site-packages\aiohttp\connector.py", line 1592, in _create_direct_connection
    transp, proto = await self._wrap_create_connection(
                    ^^^^^^^^^^^^^^^^^^^^^^^^^^^^^^^^^^^
    ...<7 lines>...
    )
    ^
  File "C:\Users\9BCF~1\Documents\GitHub\freel_bot\.venv\Lib\site-packages\aiohttp\connector.py", line 1307, in _wrap_create_connection
    async with ceil_timeout(
               ~~~~~~~~~~~~^
        timeout.sock_connect, ceil_threshold=timeout.ceil_threshold
        ^^^^^^^^^^^^^^^^^^^^^^^^^^^^^^^^^^^^^^^^^^^^^^^^^^^^^^^^^^^
    ):
    ^
  File "C:\Users\Исаев\AppData\Local\Programs\Python\Python313\Lib\asyncio\timeouts.py", line 116, in __aexit__
    raise TimeoutError from exc_val
TimeoutError

The above exception was the direct cause of the following exception:

Traceback (most recent call last):
  File "C:\Users\9BCF~1\Documents\GitHub\freel_bot\.venv\Lib\site-packages\apscheduler\executors\base_py3.py", line 30, in run_coroutine_job
    retval = await job.func(*job.args, **job.kwargs)
             ^^^^^^^^^^^^^^^^^^^^^^^^^^^^^^^^^^^^^^^
  File "C:\Users\9BCF~1\Documents\GitHub\freel_bot\app\parser.py", line 256, in get_kwork_projects
    token = await kwork.token
            ^^^^^^^^^^^^^^^^^
  File "C:\Users\9BCF~1\Documents\GitHub\freel_bot\.venv\Lib\site-packages\kwork\kwork.py", line 51, in token
    self._token = await self.get_token()
                  ^^^^^^^^^^^^^^^^^^^^^^
  File "C:\Users\9BCF~1\Documents\GitHub\freel_bot\.venv\Lib\site-packages\kwork\kwork.py", line 80, in get_token
    resp: dict = await self.api_request(
                 ^^^^^^^^^^^^^^^^^^^^^^^
    ...<5 lines>...
    )
    ^
  File "C:\Users\9BCF~1\Documents\GitHub\freel_bot\.venv\Lib\site-packages\kwork\kwork.py", line 61, in api_request
    async with self.session.request(
               ~~~~~~~~~~~~~~~~~~~~^
        method=method,
        ^^^^^^^^^^^^^^
    ...<2 lines>...
        params=params,
        ^^^^^^^^^^^^^^
    ) as resp:
    ^
  File "C:\Users\9BCF~1\Documents\GitHub\freel_bot\.venv\Lib\site-packages\aiohttp\client.py", line 1521, in __aenter__
    self._resp: _RetType = await self._coro
                           ^^^^^^^^^^^^^^^^
  File "C:\Users\9BCF~1\Documents\GitHub\freel_bot\.venv\Lib\site-packages\aiohttp\client.py", line 788, in _request
    resp = await handler(req)
           ^^^^^^^^^^^^^^^^^^
  File "C:\Users\9BCF~1\Documents\GitHub\freel_bot\.venv\Lib\site-packages\aiohttp\client.py", line 746, in _connect_and_send_request
    raise ConnectionTimeoutError(
        f"Connection timeout to host {req.url}"
    ) from exc
aiohttp.client_exceptions.ConnectionTimeoutError: Connection timeout to host https://api.kwork.ru/signIn?login=gi.32@mail.ru&password=BadManTing625&phone_last=1447
ERROR:apscheduler.executors.default:Job "get_upwork_projects (trigger: interval[0:15:00], next run at: 2026-04-29 19:55:11 MSK)" raised an exception
Traceback (most recent call last):
  File "C:\Users\9BCF~1\Documents\GitHub\freel_bot\.venv\Lib\site-packages\aiohttp\connector.py", line 1325, in _wrap_create_connection
    return await self._loop.create_connection(*args, **kwargs, sock=sock)
           ^^^^^^^^^^^^^^^^^^^^^^^^^^^^^^^^^^^^^^^^^^^^^^^^^^^^^^^^^^^^^^
  File "C:\Users\Исаев\AppData\Local\Programs\Python\Python313\Lib\asyncio\base_events.py", line 1182, in create_connection
    transport, protocol = await self._create_connection_transport(
                          ^^^^^^^^^^^^^^^^^^^^^^^^^^^^^^^^^^^^^^^^
    ...<2 lines>...
        ssl_shutdown_timeout=ssl_shutdown_timeout)
        ^^^^^^^^^^^^^^^^^^^^^^^^^^^^^^^^^^^^^^^^^^
  File "C:\Users\Исаев\AppData\Local\Programs\Python\Python313\Lib\asyncio\base_events.py", line 1215, in _create_connection_transport
    await waiter
asyncio.exceptions.CancelledError

The above exception was the direct cause of the following exception:

Traceback (most recent call last):
  File "C:\Users\9BCF~1\Documents\GitHub\freel_bot\.venv\Lib\site-packages\aiohttp\client.py", line 742, in _connect_and_send_request
    conn = await self._connector.connect(
           ^^^^^^^^^^^^^^^^^^^^^^^^^^^^^^
        req, traces=traces, timeout=real_timeout
        ^^^^^^^^^^^^^^^^^^^^^^^^^^^^^^^^^^^^^^^^
    )
    ^
  File "C:\Users\9BCF~1\Documents\GitHub\freel_bot\.venv\Lib\site-packages\aiohttp\connector.py", line 672, in connect
    proto = await self._create_connection(req, traces, timeout)
            ^^^^^^^^^^^^^^^^^^^^^^^^^^^^^^^^^^^^^^^^^^^^^^^^^^^
  File "C:\Users\9BCF~1\Documents\GitHub\freel_bot\.venv\Lib\site-packages\aiohttp\connector.py", line 1251, in _create_connection
    _, proto = await self._create_direct_connection(req, traces, timeout)
               ^^^^^^^^^^^^^^^^^^^^^^^^^^^^^^^^^^^^^^^^^^^^^^^^^^^^^^^^^^
  File "C:\Users\9BCF~1\Documents\GitHub\freel_bot\.venv\Lib\site-packages\aiohttp\connector.py", line 1623, in _create_direct_connection
    raise last_exc
  File "C:\Users\9BCF~1\Documents\GitHub\freel_bot\.venv\Lib\site-packages\aiohttp\connector.py", line 1592, in _create_direct_connection
    transp, proto = await self._wrap_create_connection(
                    ^^^^^^^^^^^^^^^^^^^^^^^^^^^^^^^^^^^
    ...<7 lines>...
    )
    ^
  File "C:\Users\9BCF~1\Documents\GitHub\freel_bot\.venv\Lib\site-packages\aiohttp\connector.py", line 1307, in _wrap_create_connection
    async with ceil_timeout(
               ~~~~~~~~~~~~^
        timeout.sock_connect, ceil_threshold=timeout.ceil_threshold
        ^^^^^^^^^^^^^^^^^^^^^^^^^^^^^^^^^^^^^^^^^^^^^^^^^^^^^^^^^^^
    ):
    ^
  File "C:\Users\Исаев\AppData\Local\Programs\Python\Python313\Lib\asyncio\timeouts.py", line 116, in __aexit__
    raise TimeoutError from exc_val
TimeoutError

The above exception was the direct cause of the following exception:

Traceback (most recent call last):
  File "C:\Users\9BCF~1\Documents\GitHub\freel_bot\.venv\Lib\site-packages\apscheduler\executors\base_py3.py", line 30, in run_coroutine_job
    retval = await job.func(*job.args, **job.kwargs)
             ^^^^^^^^^^^^^^^^^^^^^^^^^^^^^^^^^^^^^^^
  File "C:\Users\9BCF~1\Documents\GitHub\freel_bot\app\parser.py", line 206, in get_upwork_projects
    async with session.get(url, params=params) as response:
               ~~~~~~~~~~~^^^^^^^^^^^^^^^^^^^^
  File "C:\Users\9BCF~1\Documents\GitHub\freel_bot\.venv\Lib\site-packages\aiohttp\client.py", line 1521, in __aenter__
    self._resp: _RetType = await self._coro
                           ^^^^^^^^^^^^^^^^
  File "C:\Users\9BCF~1\Documents\GitHub\freel_bot\.venv\Lib\site-packages\aiohttp\client.py", line 788, in _request
    resp = await handler(req)
           ^^^^^^^^^^^^^^^^^^
  File "C:\Users\9BCF~1\Documents\GitHub\freel_bot\.venv\Lib\site-packages\aiohttp\client.py", line 746, in _connect_and_send_request
    raise ConnectionTimeoutError(
        f"Connection timeout to host {req.url}"
    ) from exc
aiohttp.client_exceptions.ConnectionTimeoutError: Connection timeout to host https://www.upwork.com/ab/feed/jobs/rss?q=none&subcategory2_uid=None&sort=recency&paging=0%3B50&api_params=1&securityToken=none&userUid=none&orgUid=none
ERROR:apscheduler.executors.default:Job "get_kwork_projects (trigger: interval[0:10:00], next run at: 2026-04-29 19:55:11 MSK)" raised an exception
Traceback (most recent call last):
  File "C:\Users\9BCF~1\Documents\GitHub\freel_bot\.venv\Lib\site-packages\aiohttp\connector.py", line 1325, in _wrap_create_connection
    return await self._loop.create_connection(*args, **kwargs, sock=sock)
           ^^^^^^^^^^^^^^^^^^^^^^^^^^^^^^^^^^^^^^^^^^^^^^^^^^^^^^^^^^^^^^
  File "C:\Users\Исаев\AppData\Local\Programs\Python\Python313\Lib\asyncio\base_events.py", line 1182, in create_connection
    transport, protocol = await self._create_connection_transport(
                          ^^^^^^^^^^^^^^^^^^^^^^^^^^^^^^^^^^^^^^^^
    ...<2 lines>...
        ssl_shutdown_timeout=ssl_shutdown_timeout)
        ^^^^^^^^^^^^^^^^^^^^^^^^^^^^^^^^^^^^^^^^^^
  File "C:\Users\Исаев\AppData\Local\Programs\Python\Python313\Lib\asyncio\base_events.py", line 1215, in _create_connection_transport
    await waiter
asyncio.exceptions.CancelledError

The above exception was the direct cause of the following exception:

Traceback (most recent call last):
  File "C:\Users\9BCF~1\Documents\GitHub\freel_bot\.venv\Lib\site-packages\aiohttp\client.py", line 742, in _connect_and_send_request
    conn = await self._connector.connect(
           ^^^^^^^^^^^^^^^^^^^^^^^^^^^^^^
        req, traces=traces, timeout=real_timeout
        ^^^^^^^^^^^^^^^^^^^^^^^^^^^^^^^^^^^^^^^^
    )
    ^
  File "C:\Users\9BCF~1\Documents\GitHub\freel_bot\.venv\Lib\site-packages\aiohttp\connector.py", line 672, in connect
    proto = await self._create_connection(req, traces, timeout)
            ^^^^^^^^^^^^^^^^^^^^^^^^^^^^^^^^^^^^^^^^^^^^^^^^^^^
  File "C:\Users\9BCF~1\Documents\GitHub\freel_bot\.venv\Lib\site-packages\aiohttp\connector.py", line 1251, in _create_connection
    _, proto = await self._create_direct_connection(req, traces, timeout)
               ^^^^^^^^^^^^^^^^^^^^^^^^^^^^^^^^^^^^^^^^^^^^^^^^^^^^^^^^^^
  File "C:\Users\9BCF~1\Documents\GitHub\freel_bot\.venv\Lib\site-packages\aiohttp\connector.py", line 1623, in _create_direct_connection
    raise last_exc
  File "C:\Users\9BCF~1\Documents\GitHub\freel_bot\.venv\Lib\site-packages\aiohttp\connector.py", line 1592, in _create_direct_connection
    transp, proto = await self._wrap_create_connection(
                    ^^^^^^^^^^^^^^^^^^^^^^^^^^^^^^^^^^^
    ...<7 lines>...
    )
    ^
  File "C:\Users\9BCF~1\Documents\GitHub\freel_bot\.venv\Lib\site-packages\aiohttp\connector.py", line 1307, in _wrap_create_connection
    async with ceil_timeout(
               ~~~~~~~~~~~~^
        timeout.sock_connect, ceil_threshold=timeout.ceil_threshold
        ^^^^^^^^^^^^^^^^^^^^^^^^^^^^^^^^^^^^^^^^^^^^^^^^^^^^^^^^^^^
    ):
    ^
  File "C:\Users\Исаев\AppData\Local\Programs\Python\Python313\Lib\asyncio\timeouts.py", line 116, in __aexit__
    raise TimeoutError from exc_val
TimeoutError

The above exception was the direct cause of the following exception:

Traceback (most recent call last):
  File "C:\Users\9BCF~1\Documents\GitHub\freel_bot\.venv\Lib\site-packages\apscheduler\executors\base_py3.py", line 30, in run_coroutine_job
    retval = await job.func(*job.args, **job.kwargs)
             ^^^^^^^^^^^^^^^^^^^^^^^^^^^^^^^^^^^^^^^
  File "C:\Users\9BCF~1\Documents\GitHub\freel_bot\app\parser.py", line 256, in get_kwork_projects
    token = await kwork.token
            ^^^^^^^^^^^^^^^^^
  File "C:\Users\9BCF~1\Documents\GitHub\freel_bot\.venv\Lib\site-packages\kwork\kwork.py", line 51, in token
    self._token = await self.get_token()
                  ^^^^^^^^^^^^^^^^^^^^^^
  File "C:\Users\9BCF~1\Documents\GitHub\freel_bot\.venv\Lib\site-packages\kwork\kwork.py", line 80, in get_token
    resp: dict = await self.api_request(
                 ^^^^^^^^^^^^^^^^^^^^^^^
    ...<5 lines>...
    )
    ^
  File "C:\Users\9BCF~1\Documents\GitHub\freel_bot\.venv\Lib\site-packages\kwork\kwork.py", line 61, in api_request
    async with self.session.request(
               ~~~~~~~~~~~~~~~~~~~~^
        method=method,
        ^^^^^^^^^^^^^^
    ...<2 lines>...
        params=params,
        ^^^^^^^^^^^^^^
    ) as resp:
    ^
  File "C:\Users\9BCF~1\Documents\GitHub\freel_bot\.venv\Lib\site-packages\aiohttp\client.py", line 1521, in __aenter__
    self._resp: _RetType = await self._coro
                           ^^^^^^^^^^^^^^^^
  File "C:\Users\9BCF~1\Documents\GitHub\freel_bot\.venv\Lib\site-packages\aiohttp\client.py", line 788, in _request
    resp = await handler(req)
           ^^^^^^^^^^^^^^^^^^
  File "C:\Users\9BCF~1\Documents\GitHub\freel_bot\.venv\Lib\site-packages\aiohttp\client.py", line 746, in _connect_and_send_request
    raise ConnectionTimeoutError(
        f"Connection timeout to host {req.url}"
    ) from exc
aiohttp.client_exceptions.ConnectionTimeoutError: Connection timeout to host https://api.kwork.ru/signIn?login=gi.32@mail.ru&password=BadManTing625&phone_last=1447
ERROR:apscheduler.executors.default:Job "get_upwork_projects (trigger: interval[0:15:00], next run at: 2026-04-29 20:10:11 MSK)" raised an exception
Traceback (most recent call last):
  File "C:\Users\9BCF~1\Documents\GitHub\freel_bot\.venv\Lib\site-packages\aiohttp\connector.py", line 1325, in _wrap_create_connection
    return await self._loop.create_connection(*args, **kwargs, sock=sock)
           ^^^^^^^^^^^^^^^^^^^^^^^^^^^^^^^^^^^^^^^^^^^^^^^^^^^^^^^^^^^^^^
  File "C:\Users\Исаев\AppData\Local\Programs\Python\Python313\Lib\asyncio\base_events.py", line 1182, in create_connection
    transport, protocol = await self._create_connection_transport(
                          ^^^^^^^^^^^^^^^^^^^^^^^^^^^^^^^^^^^^^^^^
    ...<2 lines>...
        ssl_shutdown_timeout=ssl_shutdown_timeout)
        ^^^^^^^^^^^^^^^^^^^^^^^^^^^^^^^^^^^^^^^^^^
  File "C:\Users\Исаев\AppData\Local\Programs\Python\Python313\Lib\asyncio\base_events.py", line 1215, in _create_connection_transport
    await waiter
asyncio.exceptions.CancelledError

The above exception was the direct cause of the following exception:

Traceback (most recent call last):
  File "C:\Users\9BCF~1\Documents\GitHub\freel_bot\.venv\Lib\site-packages\aiohttp\client.py", line 742, in _connect_and_send_request
    conn = await self._connector.connect(
           ^^^^^^^^^^^^^^^^^^^^^^^^^^^^^^
        req, traces=traces, timeout=real_timeout
        ^^^^^^^^^^^^^^^^^^^^^^^^^^^^^^^^^^^^^^^^
    )
    ^
  File "C:\Users\9BCF~1\Documents\GitHub\freel_bot\.venv\Lib\site-packages\aiohttp\connector.py", line 672, in connect
    proto = await self._create_connection(req, traces, timeout)
            ^^^^^^^^^^^^^^^^^^^^^^^^^^^^^^^^^^^^^^^^^^^^^^^^^^^
  File "C:\Users\9BCF~1\Documents\GitHub\freel_bot\.venv\Lib\site-packages\aiohttp\connector.py", line 1251, in _create_connection
    _, proto = await self._create_direct_connection(req, traces, timeout)
               ^^^^^^^^^^^^^^^^^^^^^^^^^^^^^^^^^^^^^^^^^^^^^^^^^^^^^^^^^^
  File "C:\Users\9BCF~1\Documents\GitHub\freel_bot\.venv\Lib\site-packages\aiohttp\connector.py", line 1623, in _create_direct_connection
    raise last_exc
  File "C:\Users\9BCF~1\Documents\GitHub\freel_bot\.venv\Lib\site-packages\aiohttp\connector.py", line 1592, in _create_direct_connection
    transp, proto = await self._wrap_create_connection(
                    ^^^^^^^^^^^^^^^^^^^^^^^^^^^^^^^^^^^
    ...<7 lines>...
    )
    ^
  File "C:\Users\9BCF~1\Documents\GitHub\freel_bot\.venv\Lib\site-packages\aiohttp\connector.py", line 1307, in _wrap_create_connection
    async with ceil_timeout(
               ~~~~~~~~~~~~^
        timeout.sock_connect, ceil_threshold=timeout.ceil_threshold
        ^^^^^^^^^^^^^^^^^^^^^^^^^^^^^^^^^^^^^^^^^^^^^^^^^^^^^^^^^^^
    ):
    ^
  File "C:\Users\Исаев\AppData\Local\Programs\Python\Python313\Lib\asyncio\timeouts.py", line 116, in __aexit__
    raise TimeoutError from exc_val
TimeoutError

The above exception was the direct cause of the following exception:

Traceback (most recent call last):
  File "C:\Users\9BCF~1\Documents\GitHub\freel_bot\.venv\Lib\site-packages\apscheduler\executors\base_py3.py", line 30, in run_coroutine_job
    retval = await job.func(*job.args, **job.kwargs)
             ^^^^^^^^^^^^^^^^^^^^^^^^^^^^^^^^^^^^^^^
  File "C:\Users\9BCF~1\Documents\GitHub\freel_bot\app\parser.py", line 206, in get_upwork_projects
    async with session.get(url, params=params) as response:
               ~~~~~~~~~~~^^^^^^^^^^^^^^^^^^^^
  File "C:\Users\9BCF~1\Documents\GitHub\freel_bot\.venv\Lib\site-packages\aiohttp\client.py", line 1521, in __aenter__
    self._resp: _RetType = await self._coro
                           ^^^^^^^^^^^^^^^^
  File "C:\Users\9BCF~1\Documents\GitHub\freel_bot\.venv\Lib\site-packages\aiohttp\client.py", line 788, in _request
    resp = await handler(req)
           ^^^^^^^^^^^^^^^^^^
  File "C:\Users\9BCF~1\Documents\GitHub\freel_bot\.venv\Lib\site-packages\aiohttp\client.py", line 746, in _connect_and_send_request
    raise ConnectionTimeoutError(
        f"Connection timeout to host {req.url}"
    ) from exc
aiohttp.client_exceptions.ConnectionTimeoutError: Connection timeout to host https://www.upwork.com/ab/feed/jobs/rss?q=none&subcategory2_uid=None&sort=recency&paging=0%3B50&api_params=1&securityToken=none&userUid=none&orgUid=none
ERROR:apscheduler.executors.default:Job "get_kwork_projects (trigger: interval[0:10:00], next run at: 2026-04-29 20:05:11 MSK)" raised an exception
Traceback (most recent call last):
  File "C:\Users\9BCF~1\Documents\GitHub\freel_bot\.venv\Lib\site-packages\aiohttp\connector.py", line 1325, in _wrap_create_connection
    return await self._loop.create_connection(*args, **kwargs, sock=sock)
           ^^^^^^^^^^^^^^^^^^^^^^^^^^^^^^^^^^^^^^^^^^^^^^^^^^^^^^^^^^^^^^
  File "C:\Users\Исаев\AppData\Local\Programs\Python\Python313\Lib\asyncio\base_events.py", line 1182, in create_connection
    transport, protocol = await self._create_connection_transport(
                          ^^^^^^^^^^^^^^^^^^^^^^^^^^^^^^^^^^^^^^^^
    ...<2 lines>...
        ssl_shutdown_timeout=ssl_shutdown_timeout)
        ^^^^^^^^^^^^^^^^^^^^^^^^^^^^^^^^^^^^^^^^^^
  File "C:\Users\Исаев\AppData\Local\Programs\Python\Python313\Lib\asyncio\base_events.py", line 1215, in _create_connection_transport
    await waiter
asyncio.exceptions.CancelledError

The above exception was the direct cause of the following exception:

Traceback (most recent call last):
  File "C:\Users\9BCF~1\Documents\GitHub\freel_bot\.venv\Lib\site-packages\aiohttp\client.py", line 742, in _connect_and_send_request
    conn = await self._connector.connect(
           ^^^^^^^^^^^^^^^^^^^^^^^^^^^^^^
        req, traces=traces, timeout=real_timeout
        ^^^^^^^^^^^^^^^^^^^^^^^^^^^^^^^^^^^^^^^^
    )
    ^
  File "C:\Users\9BCF~1\Documents\GitHub\freel_bot\.venv\Lib\site-packages\aiohttp\connector.py", line 672, in connect
    proto = await self._create_connection(req, traces, timeout)
            ^^^^^^^^^^^^^^^^^^^^^^^^^^^^^^^^^^^^^^^^^^^^^^^^^^^
  File "C:\Users\9BCF~1\Documents\GitHub\freel_bot\.venv\Lib\site-packages\aiohttp\connector.py", line 1251, in _create_connection
    _, proto = await self._create_direct_connection(req, traces, timeout)
               ^^^^^^^^^^^^^^^^^^^^^^^^^^^^^^^^^^^^^^^^^^^^^^^^^^^^^^^^^^
  File "C:\Users\9BCF~1\Documents\GitHub\freel_bot\.venv\Lib\site-packages\aiohttp\connector.py", line 1623, in _create_direct_connection
    raise last_exc
  File "C:\Users\9BCF~1\Documents\GitHub\freel_bot\.venv\Lib\site-packages\aiohttp\connector.py", line 1592, in _create_direct_connection
    transp, proto = await self._wrap_create_connection(
                    ^^^^^^^^^^^^^^^^^^^^^^^^^^^^^^^^^^^
    ...<7 lines>...
    )
    ^
  File "C:\Users\9BCF~1\Documents\GitHub\freel_bot\.venv\Lib\site-packages\aiohttp\connector.py", line 1307, in _wrap_create_connection
    async with ceil_timeout(
               ~~~~~~~~~~~~^
        timeout.sock_connect, ceil_threshold=timeout.ceil_threshold
        ^^^^^^^^^^^^^^^^^^^^^^^^^^^^^^^^^^^^^^^^^^^^^^^^^^^^^^^^^^^
    ):
    ^
  File "C:\Users\Исаев\AppData\Local\Programs\Python\Python313\Lib\asyncio\timeouts.py", line 116, in __aexit__
    raise TimeoutError from exc_val
TimeoutError

The above exception was the direct cause of the following exception:

Traceback (most recent call last):
  File "C:\Users\9BCF~1\Documents\GitHub\freel_bot\.venv\Lib\site-packages\apscheduler\executors\base_py3.py", line 30, in run_coroutine_job
    retval = await job.func(*job.args, **job.kwargs)
             ^^^^^^^^^^^^^^^^^^^^^^^^^^^^^^^^^^^^^^^
  File "C:\Users\9BCF~1\Documents\GitHub\freel_bot\app\parser.py", line 256, in get_kwork_projects
    token = await kwork.token
            ^^^^^^^^^^^^^^^^^
  File "C:\Users\9BCF~1\Documents\GitHub\freel_bot\.venv\Lib\site-packages\kwork\kwork.py", line 51, in token
    self._token = await self.get_token()
                  ^^^^^^^^^^^^^^^^^^^^^^
  File "C:\Users\9BCF~1\Documents\GitHub\freel_bot\.venv\Lib\site-packages\kwork\kwork.py", line 80, in get_token
    resp: dict = await self.api_request(
                 ^^^^^^^^^^^^^^^^^^^^^^^
    ...<5 lines>...
    )
    ^
  File "C:\Users\9BCF~1\Documents\GitHub\freel_bot\.venv\Lib\site-packages\kwork\kwork.py", line 61, in api_request
    async with self.session.request(
               ~~~~~~~~~~~~~~~~~~~~^
        method=method,
        ^^^^^^^^^^^^^^
    ...<2 lines>...
        params=params,
        ^^^^^^^^^^^^^^
    ) as resp:
    ^
  File "C:\Users\9BCF~1\Documents\GitHub\freel_bot\.venv\Lib\site-packages\aiohttp\client.py", line 1521, in __aenter__
    self._resp: _RetType = await self._coro
                           ^^^^^^^^^^^^^^^^
  File "C:\Users\9BCF~1\Documents\GitHub\freel_bot\.venv\Lib\site-packages\aiohttp\client.py", line 788, in _request
    resp = await handler(req)
           ^^^^^^^^^^^^^^^^^^
  File "C:\Users\9BCF~1\Documents\GitHub\freel_bot\.venv\Lib\site-packages\aiohttp\client.py", line 746, in _connect_and_send_request
    raise ConnectionTimeoutError(
        f"Connection timeout to host {req.url}"
    ) from exc
aiohttp.client_exceptions.ConnectionTimeoutError: Connection timeout to host https://api.kwork.ru/signIn?login=gi.32@mail.ru&password=BadManTing625&phone_last=1447
ERROR:apscheduler.executors.default:Job "get_kwork_projects (trigger: interval[0:10:00], next run at: 2026-04-29 20:15:11 MSK)" raised an exception
Traceback (most recent call last):
  File "C:\Users\9BCF~1\Documents\GitHub\freel_bot\.venv\Lib\site-packages\aiohttp\connector.py", line 1325, in _wrap_create_connection
    return await self._loop.create_connection(*args, **kwargs, sock=sock)
           ^^^^^^^^^^^^^^^^^^^^^^^^^^^^^^^^^^^^^^^^^^^^^^^^^^^^^^^^^^^^^^
  File "C:\Users\Исаев\AppData\Local\Programs\Python\Python313\Lib\asyncio\base_events.py", line 1182, in create_connection
    transport, protocol = await self._create_connection_transport(
                          ^^^^^^^^^^^^^^^^^^^^^^^^^^^^^^^^^^^^^^^^
    ...<2 lines>...
        ssl_shutdown_timeout=ssl_shutdown_timeout)
        ^^^^^^^^^^^^^^^^^^^^^^^^^^^^^^^^^^^^^^^^^^
  File "C:\Users\Исаев\AppData\Local\Programs\Python\Python313\Lib\asyncio\base_events.py", line 1215, in _create_connection_transport
    await waiter
asyncio.exceptions.CancelledError

The above exception was the direct cause of the following exception:

Traceback (most recent call last):
  File "C:\Users\9BCF~1\Documents\GitHub\freel_bot\.venv\Lib\site-packages\aiohttp\client.py", line 742, in _connect_and_send_request
    conn = await self._connector.connect(
           ^^^^^^^^^^^^^^^^^^^^^^^^^^^^^^
        req, traces=traces, timeout=real_timeout
        ^^^^^^^^^^^^^^^^^^^^^^^^^^^^^^^^^^^^^^^^
    )
    ^
  File "C:\Users\9BCF~1\Documents\GitHub\freel_bot\.venv\Lib\site-packages\aiohttp\connector.py", line 672, in connect
    proto = await self._create_connection(req, traces, timeout)
            ^^^^^^^^^^^^^^^^^^^^^^^^^^^^^^^^^^^^^^^^^^^^^^^^^^^
  File "C:\Users\9BCF~1\Documents\GitHub\freel_bot\.venv\Lib\site-packages\aiohttp\connector.py", line 1251, in _create_connection
    _, proto = await self._create_direct_connection(req, traces, timeout)
               ^^^^^^^^^^^^^^^^^^^^^^^^^^^^^^^^^^^^^^^^^^^^^^^^^^^^^^^^^^
  File "C:\Users\9BCF~1\Documents\GitHub\freel_bot\.venv\Lib\site-packages\aiohttp\connector.py", line 1623, in _create_direct_connection
    raise last_exc
  File "C:\Users\9BCF~1\Documents\GitHub\freel_bot\.venv\Lib\site-packages\aiohttp\connector.py", line 1592, in _create_direct_connection
    transp, proto = await self._wrap_create_connection(
                    ^^^^^^^^^^^^^^^^^^^^^^^^^^^^^^^^^^^
    ...<7 lines>...
    )
    ^
  File "C:\Users\9BCF~1\Documents\GitHub\freel_bot\.venv\Lib\site-packages\aiohttp\connector.py", line 1307, in _wrap_create_connection
    async with ceil_timeout(
               ~~~~~~~~~~~~^
        timeout.sock_connect, ceil_threshold=timeout.ceil_threshold
        ^^^^^^^^^^^^^^^^^^^^^^^^^^^^^^^^^^^^^^^^^^^^^^^^^^^^^^^^^^^
    ):
    ^
  File "C:\Users\Исаев\AppData\Local\Programs\Python\Python313\Lib\asyncio\timeouts.py", line 116, in __aexit__
    raise TimeoutError from exc_val
TimeoutError

The above exception was the direct cause of the following exception:

Traceback (most recent call last):
  File "C:\Users\9BCF~1\Documents\GitHub\freel_bot\.venv\Lib\site-packages\apscheduler\executors\base_py3.py", line 30, in run_coroutine_job
    retval = await job.func(*job.args, **job.kwargs)
             ^^^^^^^^^^^^^^^^^^^^^^^^^^^^^^^^^^^^^^^
  File "C:\Users\9BCF~1\Documents\GitHub\freel_bot\app\parser.py", line 256, in get_kwork_projects
    token = await kwork.token
            ^^^^^^^^^^^^^^^^^
  File "C:\Users\9BCF~1\Documents\GitHub\freel_bot\.venv\Lib\site-packages\kwork\kwork.py", line 51, in token
    self._token = await self.get_token()
                  ^^^^^^^^^^^^^^^^^^^^^^
  File "C:\Users\9BCF~1\Documents\GitHub\freel_bot\.venv\Lib\site-packages\kwork\kwork.py", line 80, in get_token
    resp: dict = await self.api_request(
                 ^^^^^^^^^^^^^^^^^^^^^^^
    ...<5 lines>...
    )
    ^
  File "C:\Users\9BCF~1\Documents\GitHub\freel_bot\.venv\Lib\site-packages\kwork\kwork.py", line 61, in api_request
    async with self.session.request(
               ~~~~~~~~~~~~~~~~~~~~^
        method=method,
        ^^^^^^^^^^^^^^
    ...<2 lines>...
        params=params,
        ^^^^^^^^^^^^^^
    ) as resp:
    ^
  File "C:\Users\9BCF~1\Documents\GitHub\freel_bot\.venv\Lib\site-packages\aiohttp\client.py", line 1521, in __aenter__
    self._resp: _RetType = await self._coro
                           ^^^^^^^^^^^^^^^^
  File "C:\Users\9BCF~1\Documents\GitHub\freel_bot\.venv\Lib\site-packages\aiohttp\client.py", line 788, in _request
    resp = await handler(req)
           ^^^^^^^^^^^^^^^^^^
  File "C:\Users\9BCF~1\Documents\GitHub\freel_bot\.venv\Lib\site-packages\aiohttp\client.py", line 746, in _connect_and_send_request
    raise ConnectionTimeoutError(
        f"Connection timeout to host {req.url}"
    ) from exc
aiohttp.client_exceptions.ConnectionTimeoutError: Connection timeout to host https://api.kwork.ru/signIn?login=gi.32@mail.ru&password=BadManTing625&phone_last=1447
ERROR:asyncio:Unclosed client session
client_session: <aiohttp.client.ClientSession object at 0x0000018AEA01E990>
ERROR:asyncio:Unclosed client session
client_session: <aiohttp.client.ClientSession object at 0x0000018AEA18CE10>
ERROR:asyncio:Unclosed client session
client_session: <aiohttp.client.ClientSession object at 0x0000018AEA18FED0>
ERROR:asyncio:Unclosed client session
client_session: <aiohttp.client.ClientSession object at 0x0000018AEB3B02D0>
ERROR:apscheduler.executors.default:Job "get_upwork_projects (trigger: interval[0:15:00], next run at: 2026-04-30 11:10:11 MSK)" raised an exception
Traceback (most recent call last):
  File "C:\Users\9BCF~1\Documents\GitHub\freel_bot\.venv\Lib\site-packages\aiohttp\connector.py", line 1325, in _wrap_create_connection
    return await self._loop.create_connection(*args, **kwargs, sock=sock)
           ^^^^^^^^^^^^^^^^^^^^^^^^^^^^^^^^^^^^^^^^^^^^^^^^^^^^^^^^^^^^^^
  File "C:\Users\Исаев\AppData\Local\Programs\Python\Python313\Lib\asyncio\base_events.py", line 1182, in create_connection
    transport, protocol = await self._create_connection_transport(
                          ^^^^^^^^^^^^^^^^^^^^^^^^^^^^^^^^^^^^^^^^
    ...<2 lines>...
        ssl_shutdown_timeout=ssl_shutdown_timeout)
        ^^^^^^^^^^^^^^^^^^^^^^^^^^^^^^^^^^^^^^^^^^
  File "C:\Users\Исаев\AppData\Local\Programs\Python\Python313\Lib\asyncio\base_events.py", line 1215, in _create_connection_transport
    await waiter
  File "C:\Users\Исаев\AppData\Local\Programs\Python\Python313\Lib\asyncio\sslproto.py", line 578, in _on_handshake_complete
    raise handshake_exc
ConnectionResetError

The above exception was the direct cause of the following exception:

Traceback (most recent call last):
  File "C:\Users\9BCF~1\Documents\GitHub\freel_bot\.venv\Lib\site-packages\apscheduler\executors\base_py3.py", line 30, in run_coroutine_job
    retval = await job.func(*job.args, **job.kwargs)
             ^^^^^^^^^^^^^^^^^^^^^^^^^^^^^^^^^^^^^^^
  File "C:\Users\9BCF~1\Documents\GitHub\freel_bot\app\parser.py", line 206, in get_upwork_projects
    async with session.get(url, params=params) as response:
               ~~~~~~~~~~~^^^^^^^^^^^^^^^^^^^^
  File "C:\Users\9BCF~1\Documents\GitHub\freel_bot\.venv\Lib\site-packages\aiohttp\client.py", line 1521, in __aenter__
    self._resp: _RetType = await self._coro
                           ^^^^^^^^^^^^^^^^
  File "C:\Users\9BCF~1\Documents\GitHub\freel_bot\.venv\Lib\site-packages\aiohttp\client.py", line 788, in _request
    resp = await handler(req)
           ^^^^^^^^^^^^^^^^^^
  File "C:\Users\9BCF~1\Documents\GitHub\freel_bot\.venv\Lib\site-packages\aiohttp\client.py", line 742, in _connect_and_send_request
    conn = await self._connector.connect(
           ^^^^^^^^^^^^^^^^^^^^^^^^^^^^^^
        req, traces=traces, timeout=real_timeout
        ^^^^^^^^^^^^^^^^^^^^^^^^^^^^^^^^^^^^^^^^
    )
    ^
  File "C:\Users\9BCF~1\Documents\GitHub\freel_bot\.venv\Lib\site-packages\aiohttp\connector.py", line 672, in connect
    proto = await self._create_connection(req, traces, timeout)
            ^^^^^^^^^^^^^^^^^^^^^^^^^^^^^^^^^^^^^^^^^^^^^^^^^^^
  File "C:\Users\9BCF~1\Documents\GitHub\freel_bot\.venv\Lib\site-packages\aiohttp\connector.py", line 1251, in _create_connection
    _, proto = await self._create_direct_connection(req, traces, timeout)
               ^^^^^^^^^^^^^^^^^^^^^^^^^^^^^^^^^^^^^^^^^^^^^^^^^^^^^^^^^^
  File "C:\Users\9BCF~1\Documents\GitHub\freel_bot\.venv\Lib\site-packages\aiohttp\connector.py", line 1623, in _create_direct_connection
    raise last_exc
  File "C:\Users\9BCF~1\Documents\GitHub\freel_bot\.venv\Lib\site-packages\aiohttp\connector.py", line 1592, in _create_direct_connection
    transp, proto = await self._wrap_create_connection(
                    ^^^^^^^^^^^^^^^^^^^^^^^^^^^^^^^^^^^
    ...<7 lines>...
    )
    ^
  File "C:\Users\9BCF~1\Documents\GitHub\freel_bot\.venv\Lib\site-packages\aiohttp\connector.py", line 1333, in _wrap_create_connection
    raise client_error(req.connection_key, exc) from exc
aiohttp.client_exceptions.ClientConnectorError: Cannot connect to host www.upwork.com:443 ssl:default [None]
